
> krinok@1.0.0 build
> react-scripts build

node.exe : (node:11576) [DEP0176] 
DeprecationWarning: fs.F_OK is deprecated, use 
fs.constants.F_OK instead
At line:1 char:1
+ & "C:\Program Files\nodejs/node.exe" "C:\Program 
Files\nodejs/node_mo ...
+ ~~~~~~~~~~~~~~~~~~~~~~~~~~~~~~~~~~~~~~~~~~~~~~~~~~
~~~~~~~~~~~~~~~~~~~
    + CategoryInfo          : NotSpecified: ((node: 
   11576) [D...ts.F_OK instead:String) [], RemoteE  
  xception
    + FullyQualifiedErrorId : NativeCommandError
 
(Use `node --trace-deprecation ...` to show where 
the warning was created)
Creating an optimized production build...
Browserslist: browsers data (caniuse-lite) is 7 
months old. Please run:
  npx update-browserslist-db@latest
  Why you should do it regularly: 
https://github.com/browserslist/update-db#readme
Failed to compile.

SyntaxError: Unexpected token, expected ";" (143:10)


